[jacobsbayaccommodations.co.za/index.html]
[backblue.gif]
[fade.gif]
[index.html]
[jacobsbayaccommodations.co.za/wp-content/plugins/header-footer-elementor/inc/widgets-css/frontend3601.css]
[jacobsbayaccommodations.co.za/wp-content/plugins/contact-form-7/includes/css/styles1eb7.css]
[jacobsbayaccommodations.co.za/feed/index.html]
[jacobsbayaccommodations.co.za/wp-content/plugins/complianz-gdpr/assets/css/cookieblocker.mindcce.css]
[jacobsbayaccommodations.co.za/comments/feed/index.html]
[jacobsbayaccommodations.co.za/wp-content/plugins/header-footer-elementor/assets/css/header-footer-elementor3601.css]
[jacobsbayaccommodations.co.za/wp-content/plugins/elementor/assets/lib/eicons/css/elementor-icons.minf25c.css]
[jacobsbayaccommodations.co.za/wp-content/plugins/elementor/assets/css/frontend.min3830.css]
[jacobsbayaccommodations.co.za/wp-content/uploads/elementor/css/post-10e18d.css]
[jacobsbayaccommodations.co.za/wp-content/plugins/elementor-pro/assets/css/conditionals/popup.min401f.css]
[jacobsbayaccommodations.co.za/wp-content/plugins/elementor/assets/css/widget-image.min3830.css]
[jacobsbayaccommodations.co.za/wp-content/plugins/elementor-pro/assets/css/widget-nav-menu.min401f.css]
[jacobsbayaccommodations.co.za/wp-content/plugins/elementor/assets/css/widget-spacer.min3830.css]
[jacobsbayaccommodations.co.za/wp-content/plugins/elementor/assets/css/widget-heading.min3830.css]
[jacobsbayaccommodations.co.za/wp-content/plugins/elementor/assets/css/widget-divider.min3830.css]
[jacobsbayaccommodations.co.za/wp-content/plugins/elementor/assets/css/widget-text-editor.min3830.css]
[jacobsbayaccommodations.co.za/wp-content/plugins/elementor/assets/lib/animations/styles/e-animation-sink.min3830.css]
[jacobsbayaccommodations.co.za/wp-content/plugins/elementor/assets/css/widget-icon-box.min3830.css]
[jacobsbayaccommodations.co.za/wp-content/plugins/elementor/assets/lib/animations/styles/e-animation-bob.min3830.css]
[jacobsbayaccommodations.co.za/wp-content/plugins/elementor/assets/lib/swiper/v8/css/swiper.min94a4.css]
[jacobsbayaccommodations.co.za/wp-content/plugins/elementor/assets/css/conditionals/e-swiper.min3830.css]
[jacobsbayaccommodations.co.za/wp-content/plugins/elementor/assets/css/widget-image-carousel.min3830.css]
[jacobsbayaccommodations.co.za/wp-content/plugins/elementor/assets/css/widget-social-icons.min3830.css]
[jacobsbayaccommodations.co.za/wp-content/plugins/elementor/assets/css/conditionals/apple-webkit.min3830.css]
[jacobsbayaccommodations.co.za/wp-content/uploads/elementor/css/post-47bc3a.css]
[jacobsbayaccommodations.co.za/wp-content/themes/best-hotel/third-party/font-awesome/css/all.minad76.css]
[jacobsbayaccommodations.co.za/wp-content/themes/best-hotel/style4bf4.css]
[jacobsbayaccommodations.co.za/wp-content/plugins/creame-whatsapp-me/public/css/joinchat-btn.min7752.css]
[jacobsbayaccommodations.co.za/wp-content/plugins/elementor/assets/lib/eicons/css/elementor-icons.min705c.css]
[jacobsbayaccommodations.co.za/wp-content/plugins/elementor/assets/css/widget-icon-list.min44b4.css]
[jacobsbayaccommodations.co.za/wp-content/plugins/elementor/assets/css/widget-social-icons.min2401.css]
[jacobsbayaccommodations.co.za/wp-content/plugins/elementor/assets/lib/font-awesome/css/brands52d5.css]
[jacobsbayaccommodations.co.za/wp-content/plugins/elementor/assets/lib/font-awesome/css/fontawesome52d5.css]
[jacobsbayaccommodations.co.za/wp-content/plugins/elementor/assets/lib/font-awesome/css/solid52d5.css]
[jacobsbayaccommodations.co.za/wp-content/plugins/elementor-pro/assets/css/widget-blockquote.min503b.css]
[jacobsbayaccommodations.co.za/wp-content/plugins/elementor-pro/assets/css/widget-mega-menu.min9e35.css]
[jacobsbayaccommodations.co.za/wp-content/plugins/elementor-pro/assets/css/widget-nav-menu.min42e3.css]
[jacobsbayaccommodations.co.za/wp-content/plugins/elementor/assets/lib/font-awesome/css/fontawesome.min52d5.css]
[jacobsbayaccommodations.co.za/wp-content/plugins/elementor/assets/lib/font-awesome/css/solid.min52d5.css]
[jacobsbayaccommodations.co.za/wp-content/plugins/elementor/assets/lib/font-awesome/css/brands.min52d5.css]
[jacobsbayaccommodations.co.za/wp-content/plugins/elementor/assets/lib/font-awesome/css/regular.min52d5.css]
[jacobsbayaccommodations.co.za/wp-content/plugins/burst-statistics/helpers/timeme/timeme.min93f6.js]
[jacobsbayaccommodations.co.za/wp-includes/js/jquery/jquery.minf43b.js]
[jacobsbayaccommodations.co.za/wp-includes/js/jquery/jquery-migrate.min5589.js]
[jacobsbayaccommodations.co.za/wp-json/index.html]
[jacobsbayaccommodations.co.za/wp-json/wp/v2/pages/47.json]
[jacobsbayaccommodations.co.za/xmlrpc0db0.php]
[jacobsbayaccommodations.co.za/wp-json/oembed/1.0/embed7120.json]
[jacobsbayaccommodations.co.za/wp-json/oembed/1.0/embedb8d8]
[jacobsbayaccommodations.co.za/wp-content/uploads/2021/06/cropped-cropped-Untitled-13-4-32x32.png]
[jacobsbayaccommodations.co.za/wp-content/uploads/2021/06/cropped-cropped-Untitled-13-4-192x192.png]
[jacobsbayaccommodations.co.za/wp-content/uploads/2021/06/cropped-cropped-Untitled-13-4-180x180.png]
[jacobsbayaccommodations.co.za/wp-content/uploads/2024/02/cropped-plot-150x150.jpg]
[jacobsbayaccommodations.co.za/wp-content/uploads/trustindex-tripadvisor-widgetbf49.css]
[jacobsbayaccommodations.co.za/wp-content/uploads/2021/12/chil-576x1024.jpg]
[jacobsbayaccommodations.co.za/about-us/index.html]
[jacobsbayaccommodations.co.za/wp-content/uploads/2021/12/jacobsbaybackpackers_67-x_large-1024x576.jpg]
[jacobsbayaccommodations.co.za/wp-content/uploads/2021/12/jacobsbaybackpackers_63-x_large.jpg]
[jacobsbayaccommodations.co.za/wp-content/uploads/2021/12/glamp-150x150.jpg]
[jacobsbayaccommodations.co.za/wp-content/uploads/2021/12/chil-150x150.jpg]
[jacobsbayaccommodations.co.za/wp-content/uploads/2021/12/jacobsbaybackpackers_91-x_large-150x150.jpg]
[jacobsbayaccommodations.co.za/wp-content/uploads/2021/12/jacobsbaybackpackers_90-x_large-150x150.jpg]
[jacobsbayaccommodations.co.za/west-coast-biosphere/index.html]
[jacobsbayaccommodations.co.za/wp-content/uploads/2021/12/jacobsbaybackpackers_89-x_large-150x150.jpg]
[jacobsbayaccommodations.co.za/pixie-fairy-village/index.html]
[jacobsbayaccommodations.co.za/wp-content/uploads/2021/12/jacobsbaybackpackers_88-x_large-150x150.jpg]
[jacobsbayaccommodations.co.za/wp-content/uploads/2021/12/jacobsbaybackpackers_87-x_large-150x150.jpg]
[jacobsbayaccommodations.co.za/wp-content/uploads/2021/12/jacobsbaybackpackers_86-x_large-150x150.jpg]
[jacobsbayaccommodations.co.za/glamping-2/index.html]
[jacobsbayaccommodations.co.za/wp-content/uploads/2021/12/jacobsbaybackpackers_85-x_large-150x150.jpg]
[jacobsbayaccommodations.co.za/wp-content/uploads/2021/12/jacobsbaybackpackers_84-x_large-150x150.jpg]
[jacobsbayaccommodations.co.za/wp-content/uploads/2021/12/jacobsbaybackpackers_83-x_large-150x150.jpg]
[jacobsbayaccommodations.co.za/wp-content/uploads/2021/12/jacobsbaybackpackers_82-x_large-150x150.jpg]
[jacobsbayaccommodations.co.za/wp-content/uploads/2021/12/jacobsbaybackpackers_81-x_large-150x150.jpg]
[jacobsbayaccommodations.co.za/wedding-packages/index.html]
[jacobsbayaccommodations.co.za/wp-content/uploads/2021/12/jacobsbaybackpackers_80-x_large-150x150.jpg]
[jacobsbayaccommodations.co.za/wp-content/uploads/2021/12/jacobsbaybackpackers_79-x_large-150x150.jpg]
[jacobsbayaccommodations.co.za/wp-content/uploads/2021/12/jacobsbaybackpackers_78-x_large-150x150.jpg]
[jacobsbayaccommodations.co.za/childrens-parties/index.html]
[jacobsbayaccommodations.co.za/wp-content/uploads/2021/12/jacobsbaybackpackers_77-x_large-150x150.jpg]
[jacobsbayaccommodations.co.za/wp-content/uploads/2021/12/jacobsbaybackpackers_76-x_large-150x150.jpg]
[jacobsbayaccommodations.co.za/contact-us/index.html]
[jacobsbayaccommodations.co.za/wp-content/uploads/2021/12/jacobsbaybackpackers_75-x_large-150x150.jpg]
[jacobsbayaccommodations.co.za/wp-content/uploads/2021/12/jacobsbaybackpackers_74-x_large-150x150.jpg]
[jacobsbayaccommodations.co.za/wp-content/uploads/2021/12/jacobsbaybackpackers_73-x_large-150x150.jpg]
[jacobsbayaccommodations.co.za/wp-content/uploads/2021/12/jacobsbaybackpackers_72-x_large-150x150.jpg]
[jacobsbayaccommodations.co.za/wp-content/uploads/2021/12/jacobsbaybackpackers_71-x_large-150x150.jpg]
[jacobsbayaccommodations.co.za/wp-content/uploads/2021/12/jacobsbaybackpackers_70-x_large-150x150.jpg]
[jacobsbayaccommodations.co.za/wp-content/uploads/2021/12/jacobsbaybackpackers_69-x_large-150x150.jpg]
[jacobsbayaccommodations.co.za/wp-content/uploads/2021/12/jacobsbaybackpackers_68-x_large-150x150.jpg]
[jacobsbayaccommodations.co.za/wp-content/uploads/2021/12/jacobsbaybackpackers_67-x_large-150x150.jpg]
[jacobsbayaccommodations.co.za/wp-content/uploads/2021/12/jacobsbaybackpackers_63-x_large-150x150.jpg]
[jacobsbayaccommodations.co.za/wp-content/uploads/2021/12/jacobsbaybackpackers_65-x_large-150x150.jpg]
[jacobsbayaccommodations.co.za/wp-content/uploads/2021/12/jacobsbaybackpackers_62-x_large-150x150.jpg]
[jacobsbayaccommodations.co.za/wp-content/uploads/2021/12/jacobsbaybackpackers_57-x_large-150x150.jpg]
[jacobsbayaccommodations.co.za/wp-content/uploads/2021/12/jacobsbaybackpackers_54-x_large-150x150.jpg]
[jacobsbayaccommodations.co.za/wp-content/uploads/2021/12/jacobsbaybackpackers_53-x_large-150x150.jpg]
[jacobsbayaccommodations.co.za/wp-content/uploads/2021/12/jacobsbaybackpackers_37-x_large-150x150.jpg]
[jacobsbayaccommodations.co.za/wp-content/uploads/2021/12/jacobs-bay-logo-new-150x150.jpg]
[jacobsbayaccommodations.co.za/wp-content/uploads/elementor/css/post-1052c9f3.css]
[jacobsbayaccommodations.co.za/wp-content/plugins/elementor-pro/assets/css/widget-form.min401f.css]
[jacobsbayaccommodations.co.za/wp-content/plugins/elementor/assets/lib/flatpickr/flatpickr.min4e7f.css]
[jacobsbayaccommodations.co.za/wp-includes/js/dist/hooks.min4fdd.js]
[jacobsbayaccommodations.co.za/wp-includes/js/dist/i18n.minc33c.js]
[jacobsbayaccommodations.co.za/wp-content/plugins/contact-form-7/includes/swv/js/index1eb7.js]
[jacobsbayaccommodations.co.za/wp-content/plugins/contact-form-7/includes/js/index1eb7.js]
[jacobsbayaccommodations.co.za/wp-content/plugins/elementor-pro/assets/lib/smartmenus/jquery.smartmenus.min1576.js]
[jacobsbayaccommodations.co.za/wp-content/plugins/elementor/assets/lib/swiper/v8/swiper.min94a4.js]
[jacobsbayaccommodations.co.za/wp-content/plugins/header-footer-elementor/inc/js/frontend3601.js]
[jacobsbayaccommodations.co.za/wp-content/themes/best-hotel/js/navigation.min4bf4.js]
[jacobsbayaccommodations.co.za/wp-content/themes/best-hotel/js/skip-link-focus-fix.min08e0.js]
[jacobsbayaccommodations.co.za/wp-content/themes/best-hotel/js/script.min4bf4.js]
[jacobsbayaccommodations.co.za/wp-content/plugins/creame-whatsapp-me/public/js/joinchat.min7752.js]
[cdn.trustindex.io/loader.js]
[jacobsbayaccommodations.co.za/wp-content/plugins/elementor/assets/lib/flatpickr/flatpickr.min4e7f.js]
[jacobsbayaccommodations.co.za/wp-content/plugins/elementor-pro/assets/js/webpack-pro.runtime.min401f.js]
[jacobsbayaccommodations.co.za/wp-content/plugins/elementor/assets/js/webpack.runtime.min3830.js]
[jacobsbayaccommodations.co.za/wp-content/plugins/elementor/assets/js/frontend-modules.min3830.js]
[jacobsbayaccommodations.co.za/wp-content/plugins/elementor-pro/assets/js/frontend.min401f.js]
[jacobsbayaccommodations.co.za/wp-includes/js/jquery/ui/core.minb37e.js]
[jacobsbayaccommodations.co.za/wp-content/plugins/elementor/assets/js/frontend.min3830.js]
[jacobsbayaccommodations.co.za/wp-content/plugins/elementor-pro/assets/js/elements-handlers.min401f.js]
[jacobsbayaccommodations.co.za/index.html]
[jacobsbayaccommodations.co.za/wp-content/plugins/header-footer-elementor/inc/widgets-css/frontend3601.css]
[jacobsbayaccommodations.co.za/wp-content/plugins/contact-form-7/includes/css/styles1eb7.css]
[jacobsbayaccommodations.co.za/wp-content/plugins/complianz-gdpr/assets/css/cookieblocker.mindcce.css]
[jacobsbayaccommodations.co.za/wp-content/plugins/header-footer-elementor/assets/css/header-footer-elementor3601.css]
[jacobsbayaccommodations.co.za/wp-content/plugins/elementor/assets/lib/eicons/fonts/eicons6feb.eot]
[jacobsbayaccommodations.co.za/wp-content/plugins/elementor/assets/lib/eicons/fonts/eicons6feb.woff2]
[jacobsbayaccommodations.co.za/wp-content/plugins/elementor/assets/lib/eicons/fonts/eicons6feb.woff]
[jacobsbayaccommodations.co.za/wp-content/plugins/elementor/assets/lib/eicons/fonts/eicons6feb.ttf]
[jacobsbayaccommodations.co.za/wp-content/plugins/elementor/assets/lib/eicons/css/elementor-icons.minf25c.css]
[jacobsbayaccommodations.co.za/wp-content/plugins/elementor/assets/css/frontend.min3830.css]
[jacobsbayaccommodations.co.za/wp-content/uploads/elementor/css/post-10e18d.css]
[jacobsbayaccommodations.co.za/wp-content/plugins/elementor-pro/assets/css/conditionals/popup.min401f.css]
[jacobsbayaccommodations.co.za/wp-content/plugins/elementor/assets/css/widget-image.min3830.css]
[jacobsbayaccommodations.co.za/wp-content/plugins/elementor-pro/assets/css/widget-nav-menu.min401f.css]
[jacobsbayaccommodations.co.za/wp-content/plugins/elementor/assets/css/widget-spacer.min3830.css]
[jacobsbayaccommodations.co.za/wp-content/plugins/elementor/assets/css/widget-heading.min3830.css]
[jacobsbayaccommodations.co.za/wp-content/plugins/elementor/assets/css/widget-divider.min3830.css]
[jacobsbayaccommodations.co.za/wp-content/plugins/elementor/assets/css/widget-text-editor.min3830.css]
[jacobsbayaccommodations.co.za/wp-content/plugins/elementor/assets/lib/animations/styles/e-animation-sink.min3830.css]
[jacobsbayaccommodations.co.za/wp-content/plugins/elementor/assets/css/widget-icon-box.min3830.css]
[jacobsbayaccommodations.co.za/wp-content/plugins/elementor/assets/lib/animations/styles/e-animation-bob.min3830.css]
[jacobsbayaccommodations.co.za/wp-content/plugins/elementor/assets/lib/swiper/v8/css/swiper.min94a4.css]
[jacobsbayaccommodations.co.za/wp-content/plugins/elementor/assets/css/conditionals/e-swiper.min3830.css]
[jacobsbayaccommodations.co.za/wp-content/plugins/elementor/assets/css/widget-image-carousel.min3830.css]
[jacobsbayaccommodations.co.za/wp-content/plugins/elementor/assets/css/widget-menu-anchor.min3830.css]
[jacobsbayaccommodations.co.za/wp-content/plugins/elementor/assets/css/widget-social-icons.min3830.css]
[jacobsbayaccommodations.co.za/wp-content/plugins/elementor/assets/css/conditionals/apple-webkit.min3830.css]
[jacobsbayaccommodations.co.za/wp-content/plugins/elementor/assets/lib/eicons/fonts/eicons6feb.svg]
[jacobsbayaccommodations.co.za/wp-content/uploads/2024/12/AAEAAQAAAAAAAAAAAAAA501b74724e8f861becf57e0ad4a06e4156dd71c5324aca75e9162f4cd32a2f6f752bf56fbdf20db8392083013e52c8c5bf53.avif]
[jacobsbayaccommodations.co.za/wp-content/uploads/elementor/css/post-47bc3a.css]
[jacobsbayaccommodations.co.za/wp-content/themes/best-hotel/third-party/font-awesome/webfonts/fa-brands-400.eot]
[jacobsbayaccommodations.co.za/wp-content/themes/best-hotel/third-party/font-awesome/webfonts/fa-brands-400d41d.eot]
[jacobsbayaccommodations.co.za/wp-content/themes/best-hotel/third-party/font-awesome/webfonts/fa-brands-400.woff2]
[jacobsbayaccommodations.co.za/wp-content/themes/best-hotel/third-party/font-awesome/webfonts/fa-brands-400.woff]
[jacobsbayaccommodations.co.za/wp-content/themes/best-hotel/third-party/font-awesome/webfonts/fa-brands-400.ttf]
[jacobsbayaccommodations.co.za/wp-content/themes/best-hotel/third-party/font-awesome/webfonts/fa-brands-400.svg]
[jacobsbayaccommodations.co.za/wp-content/themes/best-hotel/third-party/font-awesome/webfonts/fa-regular-400.eot]
[jacobsbayaccommodations.co.za/wp-content/themes/best-hotel/third-party/font-awesome/webfonts/fa-regular-400d41d.eot]
[jacobsbayaccommodations.co.za/wp-content/themes/best-hotel/third-party/font-awesome/webfonts/fa-regular-400.woff2]
[jacobsbayaccommodations.co.za/wp-content/themes/best-hotel/third-party/font-awesome/webfonts/fa-regular-400.woff]
[jacobsbayaccommodations.co.za/wp-content/themes/best-hotel/third-party/font-awesome/webfonts/fa-regular-400.ttf]
[jacobsbayaccommodations.co.za/wp-content/themes/best-hotel/third-party/font-awesome/webfonts/fa-regular-400.svg]
[jacobsbayaccommodations.co.za/wp-content/themes/best-hotel/third-party/font-awesome/webfonts/fa-solid-900.eot]
[jacobsbayaccommodations.co.za/wp-content/themes/best-hotel/third-party/font-awesome/webfonts/fa-solid-900d41d.eot]
[jacobsbayaccommodations.co.za/wp-content/themes/best-hotel/third-party/font-awesome/webfonts/fa-solid-900.woff2]
[jacobsbayaccommodations.co.za/wp-content/themes/best-hotel/third-party/font-awesome/webfonts/fa-solid-900.woff]
[jacobsbayaccommodations.co.za/wp-content/themes/best-hotel/third-party/font-awesome/webfonts/fa-solid-900.ttf]
[jacobsbayaccommodations.co.za/wp-content/themes/best-hotel/third-party/font-awesome/css/all.minad76.css]
[jacobsbayaccommodations.co.za/wp-content/themes/best-hotel/style4bf4.css]
[jacobsbayaccommodations.co.za/wp-content/plugins/creame-whatsapp-me/public/css/joinchat-btn.min7752.css]
[jacobsbayaccommodations.co.za/wp-content/plugins/elementor/assets/lib/eicons/css/elementor-icons.min705c.css]
[jacobsbayaccommodations.co.za/wp-content/plugins/elementor/assets/css/widget-icon-list.min44b4.css]
[jacobsbayaccommodations.co.za/wp-content/plugins/elementor/assets/css/widget-social-icons.min2401.css]
[jacobsbayaccommodations.co.za/wp-content/themes/best-hotel/third-party/font-awesome/webfonts/fa-solid-900.svg]
[jacobsbayaccommodations.co.za/wp-content/plugins/elementor/assets/lib/font-awesome/webfonts/fa-brands-400.eot]
[jacobsbayaccommodations.co.za/wp-content/plugins/elementor/assets/lib/font-awesome/webfonts/fa-brands-400d41d.eot]
[jacobsbayaccommodations.co.za/wp-content/plugins/elementor/assets/lib/font-awesome/webfonts/fa-brands-400.woff2]
[jacobsbayaccommodations.co.za/wp-content/plugins/elementor/assets/lib/font-awesome/webfonts/fa-brands-400.woff]
[jacobsbayaccommodations.co.za/wp-content/plugins/elementor/assets/lib/font-awesome/webfonts/fa-brands-400.ttf]
[jacobsbayaccommodations.co.za/wp-content/plugins/elementor/assets/lib/font-awesome/css/brands52d5.css]
[jacobsbayaccommodations.co.za/wp-content/plugins/elementor/assets/lib/font-awesome/css/fontawesome52d5.css]
[jacobsbayaccommodations.co.za/wp-content/plugins/elementor/assets/lib/font-awesome/webfonts/fa-brands-400.svg]
[jacobsbayaccommodations.co.za/wp-content/plugins/elementor/assets/lib/font-awesome/webfonts/fa-solid-900.eot]
[jacobsbayaccommodations.co.za/wp-content/plugins/elementor/assets/lib/font-awesome/webfonts/fa-solid-900d41d.eot]
[jacobsbayaccommodations.co.za/wp-content/plugins/elementor/assets/lib/font-awesome/webfonts/fa-solid-900.woff2]
[jacobsbayaccommodations.co.za/wp-content/plugins/elementor/assets/lib/font-awesome/webfonts/fa-solid-900.woff]
[jacobsbayaccommodations.co.za/wp-content/plugins/elementor/assets/lib/font-awesome/webfonts/fa-solid-900.ttf]
[jacobsbayaccommodations.co.za/wp-content/plugins/elementor/assets/lib/font-awesome/css/solid52d5.css]
[jacobsbayaccommodations.co.za/wp-content/plugins/elementor-pro/assets/css/widget-blockquote.min503b.css]
[jacobsbayaccommodations.co.za/wp-content/plugins/elementor-pro/assets/css/widget-mega-menu.min9e35.css]
[jacobsbayaccommodations.co.za/wp-content/plugins/elementor-pro/assets/css/widget-nav-menu.min42e3.css]
[jacobsbayaccommodations.co.za/wp-content/plugins/elementor/assets/lib/font-awesome/css/fontawesome.min52d5.css]
[jacobsbayaccommodations.co.za/wp-content/plugins/elementor/assets/lib/font-awesome/css/solid.min52d5.css]
[jacobsbayaccommodations.co.za/wp-content/plugins/elementor/assets/lib/font-awesome/css/brands.min52d5.css]
[jacobsbayaccommodations.co.za/wp-content/plugins/elementor/assets/lib/font-awesome/webfonts/fa-solid-900.svg]
[jacobsbayaccommodations.co.za/wp-content/plugins/elementor/assets/lib/font-awesome/webfonts/fa-regular-400.eot]
[jacobsbayaccommodations.co.za/wp-content/plugins/elementor/assets/lib/font-awesome/webfonts/fa-regular-400d41d.eot]
[jacobsbayaccommodations.co.za/wp-content/plugins/elementor/assets/lib/font-awesome/webfonts/fa-regular-400.woff2]
[jacobsbayaccommodations.co.za/wp-content/plugins/elementor/assets/lib/font-awesome/webfonts/fa-regular-400.woff]
[jacobsbayaccommodations.co.za/wp-content/plugins/elementor/assets/lib/font-awesome/webfonts/fa-regular-400.ttf]
[jacobsbayaccommodations.co.za/wp-content/plugins/elementor/assets/lib/font-awesome/css/regular.min52d5.css]
[jacobsbayaccommodations.co.za/wp-content/plugins/elementor/assets/lib/font-awesome/webfonts/fa-regular-400.svg]
[jacobsbayaccommodations.co.za/wp-content/uploads/elementor/css/post-21a5a1.css]
[jacobsbayaccommodations.co.za/wp-json/wp/v2/pages/21.json]
[jacobsbayaccommodations.co.za/wp-json/oembed/1.0/embedf3ca.json]
[jacobsbayaccommodations.co.za/wp-json/oembed/1.0/embed55eb]
[jacobsbayaccommodations.co.za/wp-content/uploads/2024/02/cropped-plot.jpg]
[jacobsbayaccommodations.co.za/wp-content/uploads/2021/12/jacobs_bay_birthday6.jpg]
[jacobsbayaccommodations.co.za/wp-content/uploads/2021/12/179759.jpg]
[jacobsbayaccommodations.co.za/wp-content/uploads/2021/12/jacobsbaybackpackers_86-x_large-1024x576.jpg]
[jacobsbayaccommodations.co.za/wp-content/plugins/elementor-pro/assets/css/modules/motion-fx.min401f.css]
[jacobsbayaccommodations.co.za/about-us/index.html]
[jacobsbayaccommodations.co.za/wp-content/uploads/elementor/css/post-22d8d6.css]
[jacobsbayaccommodations.co.za/wp-json/wp/v2/pages/22.json]
[jacobsbayaccommodations.co.za/wp-json/oembed/1.0/embedcf1d.json]
[jacobsbayaccommodations.co.za/wp-json/oembed/1.0/embed718c]
[jacobsbayaccommodations.co.za/west-coast-biosphere/index.html]
[jacobsbayaccommodations.co.za/wp-content/uploads/elementor/thumbs/laura-flint-IHKycOIfWf4-unsplash-scaled-qxkwk1x4uftlph3hsgkr7tylmlz3peivjjvedsw7fk.jpg]
[jacobsbayaccommodations.co.za/wp-content/plugins/elementor-pro/assets/css/widget-gallery.min401f.css]
[jacobsbayaccommodations.co.za/wp-content/plugins/elementor/assets/lib/e-gallery/css/e-gallery.min7359.css]
[jacobsbayaccommodations.co.za/wp-content/plugins/elementor-pro/assets/css/conditionals/transitions.min401f.css]
[jacobsbayaccommodations.co.za/wp-content/plugins/elementor/assets/css/widget-google_maps.min3830.css]
[jacobsbayaccommodations.co.za/wp-content/uploads/elementor/css/post-25ae5f.css]
[jacobsbayaccommodations.co.za/wp-json/wp/v2/pages/25.json]
[jacobsbayaccommodations.co.za/wp-json/oembed/1.0/embed116f.json]
[jacobsbayaccommodations.co.za/wp-json/oembed/1.0/embedbf0c]
[jacobsbayaccommodations.co.za/wp-content/uploads/2021/12/pixie6.jpg]
[jacobsbayaccommodations.co.za/wp-content/uploads/2021/12/pixie5.jpg]
[jacobsbayaccommodations.co.za/wp-content/uploads/2021/12/pixie4.jpg]
[jacobsbayaccommodations.co.za/wp-content/uploads/2021/12/pixie3.jpg]
[jacobsbayaccommodations.co.za/wp-content/uploads/2021/12/pixie2.jpg]
[jacobsbayaccommodations.co.za/wp-content/uploads/2021/12/pixie1.jpg]
[jacobsbayaccommodations.co.za/wp-content/plugins/elementor/assets/lib/e-gallery/js/e-gallery.min7359.js]
[jacobsbayaccommodations.co.za/pixie-fairy-village/index.html]
[jacobsbayaccommodations.co.za/wp-content/uploads/elementor/css/post-895deca.css]
[jacobsbayaccommodations.co.za/wp-json/wp/v2/pages/895.json]
[jacobsbayaccommodations.co.za/wp-json/oembed/1.0/embed5eac.json]
[jacobsbayaccommodations.co.za/wp-json/oembed/1.0/embed1134]
[jacobsbayaccommodations.co.za/wp-content/uploads/2024/12/WhatsApp-Image-2024-12-09-at-13.41.09-1024x768.jpg]
[jacobsbayaccommodations.co.za/wp-content/uploads/2024/12/WhatsApp-Image-2024-12-09-at-12.38.19-1024x776.jpg]
[jacobsbayaccommodations.co.za/wp-content/uploads/2024/12/WhatsApp-Image-2024-12-09-at-13.41.09-1-1024x768.jpg]
[jacobsbayaccommodations.co.za/wp-content/uploads/2024/12/da5f3ebf-bf8f-43ab-b431-05fba41d9d38.png]
[jacobsbayaccommodations.co.za/wp-content/uploads/2025/02/5fad2ce0-d8e1-42f0-9560-ec7daae6874a23345.png]
[jacobsbayaccommodations.co.za/glamping-2/index.html]
[jacobsbayaccommodations.co.za/wp-content/uploads/elementor/css/post-27ae76.css]
[jacobsbayaccommodations.co.za/wp-json/wp/v2/pages/27.json]
[jacobsbayaccommodations.co.za/wp-json/oembed/1.0/embed3939.json]
[jacobsbayaccommodations.co.za/wedding-packages/index.html]
[jacobsbayaccommodations.co.za/wp-json/oembed/1.0/embed130d]
[jacobsbayaccommodations.co.za/wp-content/uploads/elementor/css/post-5868e0d.css]
[jacobsbayaccommodations.co.za/wp-json/wp/v2/pages/586.json]
[jacobsbayaccommodations.co.za/wp-json/oembed/1.0/embedc629.json]
[jacobsbayaccommodations.co.za/wp-json/oembed/1.0/embede942]
[jacobsbayaccommodations.co.za/wp-content/uploads/2021/12/jacobs_bay_birthday5.jpg]
[jacobsbayaccommodations.co.za/wp-content/uploads/2021/12/jacobs_bay_birthday4.jpg]
[jacobsbayaccommodations.co.za/wp-content/uploads/2021/12/jacobs_bay_birthday3.jpg]
[jacobsbayaccommodations.co.za/wp-content/uploads/2021/12/chil.jpg]
[jacobsbayaccommodations.co.za/wp-content/uploads/2021/12/jacobs_bay_birthday8.jpg]
[jacobsbayaccommodations.co.za/wp-content/uploads/2021/12/jacobs_bay_birthday7.jpg]
[jacobsbayaccommodations.co.za/wp-content/uploads/2021/12/jacobs_bay_birthday9.jpg]
[jacobsbayaccommodations.co.za/wp-content/uploads/2021/12/jacobs_bay_birthday2.jpg]
[jacobsbayaccommodations.co.za/childrens-parties/index.html]
[jacobsbayaccommodations.co.za/wp-content/uploads/2021/12/jacobs_bay_birthday_parties.jpg]
[jacobsbayaccommodations.co.za/wp-content/uploads/elementor/css/post-26211d.css]
[jacobsbayaccommodations.co.za/wp-json/wp/v2/pages/26.json]
[jacobsbayaccommodations.co.za/wp-json/oembed/1.0/embeda1c2.json]
[jacobsbayaccommodations.co.za/wp-json/oembed/1.0/embedf3b6]
[jacobsbayaccommodations.co.za/contact-us/index.html]
[jacobsbayaccommodations.co.za/wp-content/uploads/trustindex-tripadvisor-widgetbf49.css]
[jacobsbayaccommodations.co.za/wp-content/uploads/elementor/css/post-1052c9f3.css]
[jacobsbayaccommodations.co.za/wp-content/plugins/elementor-pro/assets/css/widget-form.min401f.css]
[jacobsbayaccommodations.co.za/wp-content/plugins/elementor/assets/lib/flatpickr/flatpickr.min4e7f.css]
[jacobsbayaccommodations.co.za/wp-content/plugins/elementor/assets/lib/eicons/fonts/eicons6feb.svg]
[jacobsbayaccommodations.co.za/wp-content/themes/best-hotel/third-party/font-awesome/webfonts/fa-brands-400.svg]
[jacobsbayaccommodations.co.za/wp-content/themes/best-hotel/third-party/font-awesome/webfonts/fa-regular-400.svg]
[jacobsbayaccommodations.co.za/wp-content/themes/best-hotel/third-party/font-awesome/webfonts/fa-solid-900.svg]
[jacobsbayaccommodations.co.za/wp-content/plugins/elementor/assets/lib/font-awesome/webfonts/fa-brands-400.svg]
[jacobsbayaccommodations.co.za/wp-content/plugins/elementor/assets/lib/font-awesome/webfonts/fa-solid-900.svg]
[jacobsbayaccommodations.co.za/wp-content/plugins/elementor/assets/lib/font-awesome/webfonts/fa-regular-400.svg]
[jacobsbayaccommodations.co.za/wp-content/uploads/2021/06/Wedding-Package-3.jpg]
[jacobsbayaccommodations.co.za/wp-content/uploads/elementor/css/post-21a5a1.css]
[jacobsbayaccommodations.co.za/wp-content/plugins/elementor-pro/assets/css/modules/motion-fx.min401f.css]
[jacobsbayaccommodations.co.za/wp-content/uploads/2021/06/benjamin-le-roux-UL-l7lmiWj4-unsplash-scaled.jpg]
[jacobsbayaccommodations.co.za/wp-content/uploads/2021/06/levan-badzgaradze-xoeljsx5CD4-unsplash-scaled.jpg]
[jacobsbayaccommodations.co.za/wp-content/uploads/elementor/css/post-22d8d6.css]
[jacobsbayaccommodations.co.za/wp-content/plugins/elementor/assets/lib/animations/styles/fadeInDown.min3830.css]
[jacobsbayaccommodations.co.za/wp-content/plugins/elementor-pro/assets/css/widget-gallery.min401f.css]
[jacobsbayaccommodations.co.za/wp-content/plugins/elementor/assets/lib/e-gallery/css/e-gallery.min7359.css]
[jacobsbayaccommodations.co.za/wp-content/plugins/elementor-pro/assets/css/conditionals/transitions.min401f.css]
[jacobsbayaccommodations.co.za/wp-content/plugins/elementor/assets/lib/animations/styles/fadeInLeft.min3830.css]
[jacobsbayaccommodations.co.za/wp-content/plugins/elementor/assets/css/widget-google_maps.min3830.css]
[jacobsbayaccommodations.co.za/wp-content/uploads/2021/12/jacobsbaybackpackers_62-x_large.jpg]
[jacobsbayaccommodations.co.za/wp-content/uploads/elementor/css/post-25ae5f.css]
[jacobsbayaccommodations.co.za/wp-content/uploads/2021/12/jacobsbaybackpackers_78-x_large.jpg]
[jacobsbayaccommodations.co.za/wp-content/uploads/elementor/css/post-895deca.css]
[jacobsbayaccommodations.co.za/wp-content/uploads/2021/12/marriage.jpg]
[jacobsbayaccommodations.co.za/wp-content/uploads/2021/06/bantersnaps-IBL1QKgXKwQ-unsplash-scaled.jpg]
[jacobsbayaccommodations.co.za/wp-content/uploads/elementor/css/post-27ae76.css]
[jacobsbayaccommodations.co.za/index.php/wedding-package-one/index.html]
[jacobsbayaccommodations.co.za/index.php/wedding-package-two/index.html]
[jacobsbayaccommodations.co.za/wp-content/plugins/elementor/assets/lib/animations/styles/e-animation-grow.min3830.css]
[jacobsbayaccommodations.co.za/wp-content/uploads/2021/06/ramin-talebi-u_b0jWnkgM0-unsplash-scaled.jpg]
[jacobsbayaccommodations.co.za/wp-content/uploads/elementor/css/post-5868e0d.css]
[jacobsbayaccommodations.co.za/wp-content/uploads/2021/06/jeremy-ricketts-FGvRZ-BeCKo-unsplash.jpg]
[jacobsbayaccommodations.co.za/wp-content/uploads/elementor/css/post-26211d.css]
[jacobsbayaccommodations.co.za/wedding-package-one/index.html]
[jacobsbayaccommodations.co.za/wedding-package-two/index.html]
[jacobsbayaccommodations.co.za/wp-content/uploads/elementor/css/post-5345784.css]
[jacobsbayaccommodations.co.za/wp-json/wp/v2/pages/534.json]
[jacobsbayaccommodations.co.za/wp-json/oembed/1.0/embed6b79.json]
[jacobsbayaccommodations.co.za/wp-json/oembed/1.0/embed0ac5]
[jacobsbayaccommodations.co.za/wedding-package-one/index.html]
[jacobsbayaccommodations.co.za/wp-content/plugins/akismet/_inc/akismet-frontend36fe.js]
[jacobsbayaccommodations.co.za/wp-content/uploads/elementor/css/post-550251f.css]
[jacobsbayaccommodations.co.za/wp-json/wp/v2/pages/550.json]
[jacobsbayaccommodations.co.za/wp-json/oembed/1.0/embed32da.json]
[jacobsbayaccommodations.co.za/wedding-package-two/index.html]
[jacobsbayaccommodations.co.za/wp-json/oembed/1.0/embedcf9f]
[jacobsbayaccommodations.co.za/wp-content/uploads/2021/06/lily-Le8ZW_udTfM-unsplash-scaled.jpg]
[jacobsbayaccommodations.co.za/wp-content/uploads/elementor/css/post-5345784.css]
[jacobsbayaccommodations.co.za/wp-content/uploads/2021/06/nathan-dumlao-5BB_atDT4oA-unsplash-1-scaled.jpg]
[jacobsbayaccommodations.co.za/wp-content/uploads/elementor/css/post-550251f.css]
